"D:/DESKTOP/RD_WORK/rd1184/check1/source/verilog/ecp5/clarity/pllx4/pll_x4/pll_x4.v"
"D:/DESKTOP/RD_WORK/rd1184/check1/source/verilog/ecp5/clarity/pllx4/pllx4.v"
"D:/DESKTOP/RD_WORK/rd1184/check1/source/verilog/xo2/ipexpress/simulation_fifo_24bit_to_24bit.v"
"D:/DESKTOP/RD_WORK/rd1184/check1/source/verilog/colorbar_gen.v"
"D:/DESKTOP/RD_WORK/rd1184/check1/source/verilog/dcs_encoder.v"
"D:/DESKTOP/RD_WORK/rd1184/check1/source/verilog/dcs_rom.v"
"D:/DESKTOP/RD_WORK/rd1184/check1/source/verilog/ecp5/io_controller_tx.v"
"D:/DESKTOP/RD_WORK/rd1184/check1/source/verilog/ecp5/oddrx2.v"
"D:/DESKTOP/RD_WORK/rd1184/check1/source/verilog/ecp5/gearing_converter_fifo.v"
"D:/DESKTOP/RD_WORK/rd1184/check1/source/verilog/ecp5/oddrx4.v"
"D:/DESKTOP/RD_WORK/rd1184/check1/source/verilog/ecp5/dphy_tx_inst.v"
"D:/DESKTOP/RD_WORK/rd1184/check1/source/verilog/lp_hs_dly_ctrl.v"
"D:/DESKTOP/RD_WORK/rd1184/check1/source/verilog/byte_packetizer.v"
"D:/DESKTOP/RD_WORK/rd1184/check1/source/verilog/ecp5/clarity/pll_pix2byte_RGB888_2lane/pll/pll.v"
"D:/DESKTOP/RD_WORK/rd1184/check1/source/verilog/ecp5/clarity/pll_pix2byte_RGB888_2lane/pll_pix2byte_RGB888_2lane.v"
"D:/DESKTOP/RD_WORK/rd1184/check1/source/verilog/ecp5/top.v"
"D:/DESKTOP/RD_WORK/rd1184/check1/testbench/verilog/Parallel2DSI_tb_2lane.v"
"D:/DESKTOP/RD_WORK/rd1184/check1/source/verilog/ecp5/compiler_directives.v"
